// Jest Snapshot v1, https://goo.gl/fbAQLP

exports[`should correctly render LoginPage 1`] = `
<div>
  <h1>
    please login
  </h1>
  <button>
    Login
  </button>
</div>
`;
